bun.exe : $ next build
C:\Users\20197\AppData\Roaming\npm\bun.ps1:14 знак:3
+   & "$basedir/node_modules/bun/bin/bun.exe"   $args
+   ~~~~~~~~~~~~~~~~~~~~~~~~~~~~~~~~~~~~~~~~~~~~~~~~~
    + CategoryInfo          : NotSpecified: ($ next build:String) [], RemoteException
    + FullyQualifiedErrorId : NativeCommandError
 
   тЦ▓ Next.js 15.3.2
   - Environments: .env.local, .env

   Creating an optimized production build ...
 тЬУ Compiled successfully in 10.0s
   Linting and checking validity of types ...

./src/app/api/comments/[id]/route.ts
37:5  Warning: Unused eslint-disable directive (no problems were reported from '@typescript-eslint/no-explicit-any').

./src/components/activity-streak-display.tsx
27:6  Warning: React Hook useEffect has a missing dependency: 'fetchStreak'. Either include it or remove the dependency array.  react-hooks/exhaustive-deps

./src/components/advanced-background.tsx
1:1  Warning: Unused eslint-disable directive (no problems were reported from '@typescript-eslint/no-non-null-assertion').

./src/components/anime-rating.tsx
70:6  Warning: React Hook useCallback has an unnecessary dependency: 'session'. Either exclude it or remove the dependency array.  react-hooks/exhaustive-deps

./src/components/interactive-background.tsx
1:1  Warning: Unused eslint-disable directive (no problems were reported from '@typescript-eslint/no-non-null-assertion').

./src/components/recently-watched-section.tsx
38:6  Warning: React Hook useEffect has a missing dependency: 'fetchRecentlyWatched'. Either include it or remove the dependency array.  react-hooks/exhaustive-deps

./src/components/user-lists-display.tsx
51:6  Warning: React Hook useEffect has a missing dependency: 'fetchLists'. Either include it or remove the dependency array.  react-hooks/exhaustive-deps

./src/hooks/useWebSocket.ts
75:6  Warning: React Hook useCallback has a missing dependency: 'emit'. Either include it or remove the dependency array.  react-hooks/exhaustive-deps

./src/lib/auth.ts
60:9  Warning: Unused eslint-disable directive (no problems were reported from '@typescript-eslint/no-explicit-any').
62:9  Warning: Unused eslint-disable directive (no problems were reported from '@typescript-eslint/no-explicit-any').
70:9  Warning: Unused eslint-disable directive (no problems were reported from '@typescript-eslint/no-explicit-any').
72:9  Warning: Unused eslint-disable directive (no problems were reported from '@typescript-eslint/no-explicit-any').

info  - Need to disable some ESLint rules? Learn more here: https://nextjs.org/docs/app/api-reference/config/eslint#disabling-rules
Failed to compile.

./src/app/api/users/[id]/lists/route.ts:38:9
Type error: This comparison appears to be unintentional because the types 'number' and 'string' have no overlap.

[0m [90m 36 |[39m     }[0m
[0m [90m 37 |[39m[0m
[0m[31m[1m>[22m[39m[90m 38 |[39m     [36mif[39m (user[33m.[39mid [33m!==[39m id) {[0m
[0m [90m    |[39m         [31m[1m^[22m[39m[0m
[0m [90m 39 |[39m       [36mreturn[39m [33mNextResponse[39m[33m.[39mjson([0m
[0m [90m 40 |[39m         { error[33m:[39m [32m'Forbidden'[39m }[33m,[39m[0m
[0m [90m 41 |[39m         { status[33m:[39m [35m403[39m }[0m
Next.js build worker exited with code: 1 and signal: null
error: script "build" exited with code 1
